Godot Engine v4.6.1.stable.official.14d19694e - https://godotengine.org

WARNING: res://game/levels/1/Level1.tscn:4 - ext_resource, invalid UID: uid://bpsjmcrm7x0s7 - using text path instead: res://game/levels/1/Level1.gd
     at: load (scene/resources/resource_format_text.cpp:500)
WARNING: [AdManager] ready on macOS ads_removed=true
     at: push_warning (core/variant/variant_utility.cpp:1034)
     GDScript backtrace (most recent call first):
         [0] _dbg (res://game/net/AdManager.gd:92)
         [1] _ready (res://game/net/AdManager.gd:126)
getting command line arguments
res://rl/train.tscn
--capture
--speedup=8
--port=11008
{ "res://rl/train.tscn": "", "capture": "", "speedup": "8", "port": "11008" }
{ "res://rl/train.tscn": "", "capture": "", "speedup": "8", "port": "11008" }
{ "res://rl/train.tscn": "", "capture": "", "speedup": "8", "port": "11008" }
physics ticks 480 8.0 8.0 8.0
Waiting for one second to allow server to start
trying to connect to server
performing handshake
handshake complete
resetting all agents
[RLDBG] death ep=1 nsteps=98 skull=true hazard=false dist=554 pos=(395,328) fuel=193.3 rot=2.43 rockets=1
WARNING: CloudSave: upload failed — HTTP 422, result 0
     at: push_warning (core/variant/variant_utility.cpp:1034)
     GDScript backtrace (most recent call first):
         [0] _on_upload_completed (res://game/net/CloudSave.gd:61)
[RLDBG] death ep=2 nsteps=192 skull=true hazard=false dist=551 pos=(405,340) fuel=193.1 rot=2.80 rockets=1
WARNING: CloudSave: upload failed — HTTP 422, result 0
     at: push_warning (core/variant/variant_utility.cpp:1034)
     GDScript backtrace (most recent call first):
         [0] _on_upload_completed (res://game/net/CloudSave.gd:61)
[RLDBG] death ep=3 nsteps=147 skull=true hazard=false dist=546 pos=(412,343) fuel=187.3 rot=-2.77 rockets=1
WARNING: CloudSave: upload failed — HTTP 422, result 0
     at: push_warning (core/variant/variant_utility.cpp:1034)
     GDScript backtrace (most recent call first):
         [0] _on_upload_completed (res://game/net/CloudSave.gd:61)
[RLDBG] death ep=4 nsteps=105 skull=true hazard=false dist=557 pos=(390,322) fuel=192.5 rot=2.62 rockets=1
ERROR: HTTPRequest is processing a request. Wait for completion or cancel it before attempting a new one.
   at: request_raw (scene/main/http_request.cpp:120)
   GDScript backtrace (most recent call first):
       [0] upload_save (res://game/net/CloudSave.gd:52)
       [1] save_game (res://globalvar.gd:614)
       [2] increment_deaths (res://globalvar.gd:176)
       [3] death (res://game/rocket/rocket.gd:559)
       [4] _process (res://game/rocket/rocket.gd:458)
WARNING: CloudSave: upload request failed to start: 44
     at: push_warning (core/variant/variant_utility.cpp:1034)
     GDScript backtrace (most recent call first):
         [0] upload_save (res://game/net/CloudSave.gd:55)
         [1] save_game (res://globalvar.gd:614)
         [2] increment_deaths (res://globalvar.gd:176)
         [3] death (res://game/rocket/rocket.gd:559)
         [4] _process (res://game/rocket/rocket.gd:458)
[RLDBG] death ep=5 nsteps=99 skull=true hazard=false dist=578 pos=(359,304) fuel=194.4 rot=-1.15 rockets=1
WARNING: CloudSave: upload failed — HTTP 422, result 0
     at: push_warning (core/variant/variant_utility.cpp:1034)
     GDScript backtrace (most recent call first):
         [0] _on_upload_completed (res://game/net/CloudSave.gd:61)
[RLDBG] death ep=6 nsteps=97 skull=true hazard=false dist=550 pos=(398,324) fuel=191.3 rot=-3.04 rockets=1
WARNING: CloudSave: upload failed — HTTP 422, result 0
     at: push_warning (core/variant/variant_utility.cpp:1034)
     GDScript backtrace (most recent call first):
         [0] _on_upload_completed (res://game/net/CloudSave.gd:61)
[RLDBG] death ep=7 nsteps=109 skull=true hazard=false dist=576 pos=(361,300) fuel=189.9 rot=-2.09 rockets=1
WARNING: CloudSave: upload failed — HTTP 422, result 0
     at: push_warning (core/variant/variant_utility.cpp:1034)
     GDScript backtrace (most recent call first):
         [0] _on_upload_completed (res://game/net/CloudSave.gd:61)
[RLDBG] death ep=8 nsteps=112 skull=true hazard=false dist=567 pos=(374,311) fuel=191.3 rot=-0.86 rockets=1
WARNING: CloudSave: upload failed — HTTP 422, result 0
     at: push_warning (core/variant/variant_utility.cpp:1034)
     GDScript backtrace (most recent call first):
         [0] _on_upload_completed (res://game/net/CloudSave.gd:61)
[RLDBG] death ep=9 nsteps=435 skull=true hazard=false dist=577 pos=(368,308) fuel=182.7 rot=-0.97 rockets=1
WARNING: CloudSave: upload failed — HTTP 422, result 0
     at: push_warning (core/variant/variant_utility.cpp:1034)
     GDScript backtrace (most recent call first):
         [0] _on_upload_completed (res://game/net/CloudSave.gd:61)
[RLDBG] death ep=10 nsteps=281 skull=true hazard=false dist=551 pos=(400,327) fuel=177.6 rot=-3.01 rockets=1
WARNING: CloudSave: upload failed — HTTP 422, result 0
     at: push_warning (core/variant/variant_utility.cpp:1034)
     GDScript backtrace (most recent call first):
         [0] _on_upload_completed (res://game/net/CloudSave.gd:61)
[RLDBG] death ep=11 nsteps=78 skull=true hazard=false dist=567 pos=(374,311) fuel=196.1 rot=-0.82 rockets=1
ERROR: HTTPRequest is processing a request. Wait for completion or cancel it before attempting a new one.
   at: request_raw (scene/main/http_request.cpp:120)
   GDScript backtrace (most recent call first):
       [0] upload_save (res://game/net/CloudSave.gd:52)
       [1] save_game (res://globalvar.gd:614)
       [2] increment_deaths (res://globalvar.gd:176)
       [3] death (res://game/rocket/rocket.gd:559)
       [4] _process (res://game/rocket/rocket.gd:458)
WARNING: CloudSave: upload request failed to start: 44
     at: push_warning (core/variant/variant_utility.cpp:1034)
     GDScript backtrace (most recent call first):
         [0] upload_save (res://game/net/CloudSave.gd:55)
         [1] save_game (res://globalvar.gd:614)
         [2] increment_deaths (res://globalvar.gd:176)
         [3] death (res://game/rocket/rocket.gd:559)
         [4] _process (res://game/rocket/rocket.gd:458)
[RLDBG] death ep=12 nsteps=65 skull=true hazard=false dist=563 pos=(380,315) fuel=195.7 rot=-0.80 rockets=1
WARNING: CloudSave: upload failed — HTTP 422, result 0
     at: push_warning (core/variant/variant_utility.cpp:1034)
     GDScript backtrace (most recent call first):
         [0] _on_upload_completed (res://game/net/CloudSave.gd:61)
WARNING: CloudSave: upload failed — HTTP 422, result 0
     at: push_warning (core/variant/variant_utility.cpp:1034)
     GDScript backtrace (most recent call first):
         [0] _on_upload_completed (res://game/net/CloudSave.gd:61)
WARNING: CloudSave: upload failed — HTTP 422, result 0
     at: push_warning (core/variant/variant_utility.cpp:1034)
     GDScript backtrace (most recent call first):
         [0] _on_upload_completed (res://game/net/CloudSave.gd:61)
WARNING: CloudSave: upload failed — HTTP 422, result 0
     at: push_warning (core/variant/variant_utility.cpp:1034)
     GDScript backtrace (most recent call first):
         [0] _on_upload_completed (res://game/net/CloudSave.gd:61)
WARNING: CloudSave: upload failed — HTTP 422, result 0
     at: push_warning (core/variant/variant_utility.cpp:1034)
     GDScript backtrace (most recent call first):
         [0] _on_upload_completed (res://game/net/CloudSave.gd:61)
WARNING: CloudSave: upload failed — HTTP 422, result 0
     at: push_warning (core/variant/variant_utility.cpp:1034)
     GDScript backtrace (most recent call first):
         [0] _on_upload_completed (res://game/net/CloudSave.gd:61)
WARNING: CloudSave: upload failed — HTTP 422, result 0
     at: push_warning (core/variant/variant_utility.cpp:1034)
     GDScript backtrace (most recent call first):
         [0] _on_upload_completed (res://game/net/CloudSave.gd:61)
ERROR: HTTPRequest is processing a request. Wait for completion or cancel it before attempting a new one.
   at: request_raw (scene/main/http_request.cpp:120)
   GDScript backtrace (most recent call first):
       [0] upload_save (res://game/net/CloudSave.gd:52)
       [1] save_game (res://globalvar.gd:614)
       [2] increment_deaths (res://globalvar.gd:176)
       [3] death (res://game/rocket/rocket.gd:559)
       [4] _process (res://game/rocket/rocket.gd:458)
WARNING: CloudSave: upload request failed to start: 44
     at: push_warning (core/variant/variant_utility.cpp:1034)
     GDScript backtrace (most recent call first):
         [0] upload_save (res://game/net/CloudSave.gd:55)
         [1] save_game (res://globalvar.gd:614)
         [2] increment_deaths (res://globalvar.gd:176)
         [3] death (res://game/rocket/rocket.gd:559)
         [4] _process (res://game/rocket/rocket.gd:458)
WARNING: CloudSave: upload failed — HTTP 422, result 0
     at: push_warning (core/variant/variant_utility.cpp:1034)
     GDScript backtrace (most recent call first):
         [0] _on_upload_completed (res://game/net/CloudSave.gd:61)
WARNING: CloudSave: upload failed — HTTP 422, result 0
     at: push_warning (core/variant/variant_utility.cpp:1034)
     GDScript backtrace (most recent call first):
         [0] _on_upload_completed (res://game/net/CloudSave.gd:61)
WARNING: CloudSave: upload failed — HTTP 422, result 0
     at: push_warning (core/variant/variant_utility.cpp:1034)
     GDScript backtrace (most recent call first):
         [0] _on_upload_completed (res://game/net/CloudSave.gd:61)
WARNING: CloudSave: upload failed — HTTP 422, result 0
     at: push_warning (core/variant/variant_utility.cpp:1034)
     GDScript backtrace (most recent call first):
         [0] _on_upload_completed (res://game/net/CloudSave.gd:61)
WARNING: CloudSave: upload failed — HTTP 422, result 0
     at: push_warning (core/variant/variant_utility.cpp:1034)
     GDScript backtrace (most recent call first):
         [0] _on_upload_completed (res://game/net/CloudSave.gd:61)
[RL] episodes=25 wins=0 win_rate=0.0%
WARNING: CloudSave: upload failed — HTTP 422, result 0
     at: push_warning (core/variant/variant_utility.cpp:1034)
     GDScript backtrace (most recent call first):
         [0] _on_upload_completed (res://game/net/CloudSave.gd:61)
WARNING: CloudSave: upload failed — HTTP 422, result 0
     at: push_warning (core/variant/variant_utility.cpp:1034)
     GDScript backtrace (most recent call first):
         [0] _on_upload_completed (res://game/net/CloudSave.gd:61)
WARNING: CloudSave: upload failed — HTTP 422, result 0
     at: push_warning (core/variant/variant_utility.cpp:1034)
     GDScript backtrace (most recent call first):
         [0] _on_upload_completed (res://game/net/CloudSave.gd:61)
WARNING: CloudSave: upload failed — HTTP 422, result 0
     at: push_warning (core/variant/variant_utility.cpp:1034)
     GDScript backtrace (most recent call first):
         [0] _on_upload_completed (res://game/net/CloudSave.gd:61)
WARNING: CloudSave: upload failed — HTTP 422, result 0
     at: push_warning (core/variant/variant_utility.cpp:1034)
     GDScript backtrace (most recent call first):
         [0] _on_upload_completed (res://game/net/CloudSave.gd:61)
WARNING: CloudSave: upload failed — HTTP 422, result 0
     at: push_warning (core/variant/variant_utility.cpp:1034)
     GDScript backtrace (most recent call first):
         [0] _on_upload_completed (res://game/net/CloudSave.gd:61)
WARNING: CloudSave: upload failed — HTTP 422, result 0
     at: push_warning (core/variant/variant_utility.cpp:1034)
     GDScript backtrace (most recent call first):
         [0] _on_upload_completed (res://game/net/CloudSave.gd:61)
WARNING: CloudSave: upload failed — HTTP 422, result 0
     at: push_warning (core/variant/variant_utility.cpp:1034)
     GDScript backtrace (most recent call first):
         [0] _on_upload_completed (res://game/net/CloudSave.gd:61)
WARNING: CloudSave: upload failed — HTTP 422, result 0
     at: push_warning (core/variant/variant_utility.cpp:1034)
     GDScript backtrace (most recent call first):
         [0] _on_upload_completed (res://game/net/CloudSave.gd:61)
WARNING: CloudSave: upload failed — HTTP 422, result 0
     at: push_warning (core/variant/variant_utility.cpp:1034)
     GDScript backtrace (most recent call first):
         [0] _on_upload_completed (res://game/net/CloudSave.gd:61)
WARNING: CloudSave: upload failed — HTTP 422, result 0
     at: push_warning (core/variant/variant_utility.cpp:1034)
     GDScript backtrace (most recent call first):
         [0] _on_upload_completed (res://game/net/CloudSave.gd:61)
WARNING: CloudSave: upload failed — HTTP 422, result 0
     at: push_warning (core/variant/variant_utility.cpp:1034)
     GDScript backtrace (most recent call first):
         [0] _on_upload_completed (res://game/net/CloudSave.gd:61)
WARNING: CloudSave: upload failed — HTTP 422, result 0
     at: push_warning (core/variant/variant_utility.cpp:1034)
     GDScript backtrace (most recent call first):
         [0] _on_upload_completed (res://game/net/CloudSave.gd:61)
WARNING: CloudSave: upload failed — HTTP 422, result 0
     at: push_warning (core/variant/variant_utility.cpp:1034)
     GDScript backtrace (most recent call first):
         [0] _on_upload_completed (res://game/net/CloudSave.gd:61)
WARNING: CloudSave: upload failed — HTTP 422, result 0
     at: push_warning (core/variant/variant_utility.cpp:1034)
     GDScript backtrace (most recent call first):
         [0] _on_upload_completed (res://game/net/CloudSave.gd:61)
ERROR: HTTPRequest is processing a request. Wait for completion or cancel it before attempting a new one.
   at: request_raw (scene/main/http_request.cpp:120)
   GDScript backtrace (most recent call first):
       [0] upload_save (res://game/net/CloudSave.gd:52)
       [1] save_game (res://globalvar.gd:614)
       [2] increment_deaths (res://globalvar.gd:176)
       [3] death (res://game/rocket/rocket.gd:559)
       [4] _process (res://game/rocket/rocket.gd:458)
WARNING: CloudSave: upload request failed to start: 44
     at: push_warning (core/variant/variant_utility.cpp:1034)
     GDScript backtrace (most recent call first):
         [0] upload_save (res://game/net/CloudSave.gd:55)
         [1] save_game (res://globalvar.gd:614)
         [2] increment_deaths (res://globalvar.gd:176)
         [3] death (res://game/rocket/rocket.gd:559)
         [4] _process (res://game/rocket/rocket.gd:458)
WARNING: CloudSave: upload failed — HTTP 422, result 0
     at: push_warning (core/variant/variant_utility.cpp:1034)
     GDScript backtrace (most recent call first):
         [0] _on_upload_completed (res://game/net/CloudSave.gd:61)
WARNING: CloudSave: upload failed — HTTP 422, result 0
     at: push_warning (core/variant/variant_utility.cpp:1034)
     GDScript backtrace (most recent call first):
         [0] _on_upload_completed (res://game/net/CloudSave.gd:61)
WARNING: CloudSave: upload failed — HTTP 422, result 0
     at: push_warning (core/variant/variant_utility.cpp:1034)
     GDScript backtrace (most recent call first):
         [0] _on_upload_completed (res://game/net/CloudSave.gd:61)
WARNING: CloudSave: upload failed — HTTP 422, result 0
     at: push_warning (core/variant/variant_utility.cpp:1034)
     GDScript backtrace (most recent call first):
         [0] _on_upload_completed (res://game/net/CloudSave.gd:61)
WARNING: CloudSave: upload failed — HTTP 422, result 0
     at: push_warning (core/variant/variant_utility.cpp:1034)
     GDScript backtrace (most recent call first):
         [0] _on_upload_completed (res://game/net/CloudSave.gd:61)
WARNING: CloudSave: upload failed — HTTP 422, result 0
     at: push_warning (core/variant/variant_utility.cpp:1034)
     GDScript backtrace (most recent call first):
         [0] _on_upload_completed (res://game/net/CloudSave.gd:61)
WARNING: CloudSave: upload failed — HTTP 422, result 0
     at: push_warning (core/variant/variant_utility.cpp:1034)
     GDScript backtrace (most recent call first):
         [0] _on_upload_completed (res://game/net/CloudSave.gd:61)
WARNING: CloudSave: upload failed — HTTP 422, result 0
     at: push_warning (core/variant/variant_utility.cpp:1034)
     GDScript backtrace (most recent call first):
         [0] _on_upload_completed (res://game/net/CloudSave.gd:61)
WARNING: CloudSave: upload failed — HTTP 422, result 0
     at: push_warning (core/variant/variant_utility.cpp:1034)
     GDScript backtrace (most recent call first):
         [0] _on_upload_completed (res://game/net/CloudSave.gd:61)
[RL] episodes=50 wins=0 win_rate=0.0%
WARNING: CloudSave: upload failed — HTTP 422, result 0
     at: push_warning (core/variant/variant_utility.cpp:1034)
     GDScript backtrace (most recent call first):
         [0] _on_upload_completed (res://game/net/CloudSave.gd:61)
WARNING: CloudSave: upload failed — HTTP 422, result 0
     at: push_warning (core/variant/variant_utility.cpp:1034)
     GDScript backtrace (most recent call first):
         [0] _on_upload_completed (res://game/net/CloudSave.gd:61)
WARNING: CloudSave: upload failed — HTTP 422, result 0
     at: push_warning (core/variant/variant_utility.cpp:1034)
     GDScript backtrace (most recent call first):
         [0] _on_upload_completed (res://game/net/CloudSave.gd:61)
WARNING: CloudSave: upload failed — HTTP 422, result 0
     at: push_warning (core/variant/variant_utility.cpp:1034)
     GDScript backtrace (most recent call first):
         [0] _on_upload_completed (res://game/net/CloudSave.gd:61)
WARNING: CloudSave: upload failed — HTTP 422, result 0
     at: push_warning (core/variant/variant_utility.cpp:1034)
     GDScript backtrace (most recent call first):
         [0] _on_upload_completed (res://game/net/CloudSave.gd:61)
WARNING: CloudSave: upload failed — HTTP 422, result 0
     at: push_warning (core/variant/variant_utility.cpp:1034)
     GDScript backtrace (most recent call first):
         [0] _on_upload_completed (res://game/net/CloudSave.gd:61)
WARNING: CloudSave: upload failed — HTTP 422, result 0
     at: push_warning (core/variant/variant_utility.cpp:1034)
     GDScript backtrace (most recent call first):
         [0] _on_upload_completed (res://game/net/CloudSave.gd:61)
WARNING: CloudSave: upload failed — HTTP 422, result 0
     at: push_warning (core/variant/variant_utility.cpp:1034)
     GDScript backtrace (most recent call first):
         [0] _on_upload_completed (res://game/net/CloudSave.gd:61)
WARNING: CloudSave: upload failed — HTTP 422, result 0
     at: push_warning (core/variant/variant_utility.cpp:1034)
     GDScript backtrace (most recent call first):
         [0] _on_upload_completed (res://game/net/CloudSave.gd:61)
WARNING: CloudSave: upload failed — HTTP 422, result 0
     at: push_warning (core/variant/variant_utility.cpp:1034)
     GDScript backtrace (most recent call first):
         [0] _on_upload_completed (res://game/net/CloudSave.gd:61)
WARNING: CloudSave: upload failed — HTTP 422, result 0
     at: push_warning (core/variant/variant_utility.cpp:1034)
     GDScript backtrace (most recent call first):
         [0] _on_upload_completed (res://game/net/CloudSave.gd:61)
WARNING: CloudSave: upload failed — HTTP 422, result 0
     at: push_warning (core/variant/variant_utility.cpp:1034)
     GDScript backtrace (most recent call first):
         [0] _on_upload_completed (res://game/net/CloudSave.gd:61)
WARNING: CloudSave: upload failed — HTTP 422, result 0
     at: push_warning (core/variant/variant_utility.cpp:1034)
     GDScript backtrace (most recent call first):
         [0] _on_upload_completed (res://game/net/CloudSave.gd:61)
WARNING: CloudSave: upload failed — HTTP 422, result 0
     at: push_warning (core/variant/variant_utility.cpp:1034)
     GDScript backtrace (most recent call first):
         [0] _on_upload_completed (res://game/net/CloudSave.gd:61)
WARNING: CloudSave: upload failed — HTTP 422, result 0
     at: push_warning (core/variant/variant_utility.cpp:1034)
     GDScript backtrace (most recent call first):
         [0] _on_upload_completed (res://game/net/CloudSave.gd:61)
WARNING: CloudSave: upload failed — HTTP 422, result 0
     at: push_warning (core/variant/variant_utility.cpp:1034)
     GDScript backtrace (most recent call first):
         [0] _on_upload_completed (res://game/net/CloudSave.gd:61)
WARNING: CloudSave: upload failed — HTTP 422, result 0
     at: push_warning (core/variant/variant_utility.cpp:1034)
     GDScript backtrace (most recent call first):
         [0] _on_upload_completed (res://game/net/CloudSave.gd:61)
WARNING: CloudSave: upload failed — HTTP 422, result 0
     at: push_warning (core/variant/variant_utility.cpp:1034)
     GDScript backtrace (most recent call first):
         [0] _on_upload_completed (res://game/net/CloudSave.gd:61)
WARNING: CloudSave: upload failed — HTTP 422, result 0
     at: push_warning (core/variant/variant_utility.cpp:1034)
     GDScript backtrace (most recent call first):
         [0] _on_upload_completed (res://game/net/CloudSave.gd:61)
WARNING: CloudSave: upload failed — HTTP 422, result 0
     at: push_warning (core/variant/variant_utility.cpp:1034)
     GDScript backtrace (most recent call first):
         [0] _on_upload_completed (res://game/net/CloudSave.gd:61)
WARNING: CloudSave: upload failed — HTTP 422, result 0
     at: push_warning (core/variant/variant_utility.cpp:1034)
     GDScript backtrace (most recent call first):
         [0] _on_upload_completed (res://game/net/CloudSave.gd:61)
WARNING: CloudSave: upload failed — HTTP 422, result 0
     at: push_warning (core/variant/variant_utility.cpp:1034)
     GDScript backtrace (most recent call first):
         [0] _on_upload_completed (res://game/net/CloudSave.gd:61)
WARNING: CloudSave: upload failed — HTTP 422, result 0
     at: push_warning (core/variant/variant_utility.cpp:1034)
     GDScript backtrace (most recent call first):
         [0] _on_upload_completed (res://game/net/CloudSave.gd:61)
WARNING: CloudSave: upload failed — HTTP 422, result 0
     at: push_warning (core/variant/variant_utility.cpp:1034)
     GDScript backtrace (most recent call first):
         [0] _on_upload_completed (res://game/net/CloudSave.gd:61)
WARNING: CloudSave: upload failed — HTTP 422, result 0
     at: push_warning (core/variant/variant_utility.cpp:1034)
     GDScript backtrace (most recent call first):
         [0] _on_upload_completed (res://game/net/CloudSave.gd:61)
[RL] episodes=75 wins=0 win_rate=0.0%
WARNING: CloudSave: upload failed — HTTP 422, result 0
     at: push_warning (core/variant/variant_utility.cpp:1034)
     GDScript backtrace (most recent call first):
         [0] _on_upload_completed (res://game/net/CloudSave.gd:61)
WARNING: CloudSave: upload failed — HTTP 422, result 0
     at: push_warning (core/variant/variant_utility.cpp:1034)
     GDScript backtrace (most recent call first):
         [0] _on_upload_completed (res://game/net/CloudSave.gd:61)
WARNING: CloudSave: upload failed — HTTP 422, result 0
     at: push_warning (core/variant/variant_utility.cpp:1034)
     GDScript backtrace (most recent call first):
         [0] _on_upload_completed (res://game/net/CloudSave.gd:61)
WARNING: CloudSave: upload failed — HTTP 422, result 0
     at: push_warning (core/variant/variant_utility.cpp:1034)
     GDScript backtrace (most recent call first):
         [0] _on_upload_completed (res://game/net/CloudSave.gd:61)
WARNING: CloudSave: upload failed — HTTP 422, result 0
     at: push_warning (core/variant/variant_utility.cpp:1034)
     GDScript backtrace (most recent call first):
         [0] _on_upload_completed (res://game/net/CloudSave.gd:61)
WARNING: CloudSave: upload failed — HTTP 422, result 0
     at: push_warning (core/variant/variant_utility.cpp:1034)
     GDScript backtrace (most recent call first):
         [0] _on_upload_completed (res://game/net/CloudSave.gd:61)
ERROR: HTTPRequest is processing a request. Wait for completion or cancel it before attempting a new one.
   at: request_raw (scene/main/http_request.cpp:120)
   GDScript backtrace (most recent call first):
       [0] upload_save (res://game/net/CloudSave.gd:52)
       [1] save_game (res://globalvar.gd:614)
       [2] increment_deaths (res://globalvar.gd:176)
       [3] death (res://game/rocket/rocket.gd:559)
       [4] _process (res://game/rocket/rocket.gd:458)
WARNING: CloudSave: upload request failed to start: 44
     at: push_warning (core/variant/variant_utility.cpp:1034)
     GDScript backtrace (most recent call first):
         [0] upload_save (res://game/net/CloudSave.gd:55)
         [1] save_game (res://globalvar.gd:614)
         [2] increment_deaths (res://globalvar.gd:176)
         [3] death (res://game/rocket/rocket.gd:559)
         [4] _process (res://game/rocket/rocket.gd:458)
WARNING: CloudSave: upload failed — HTTP 422, result 0
     at: push_warning (core/variant/variant_utility.cpp:1034)
     GDScript backtrace (most recent call first):
         [0] _on_upload_completed (res://game/net/CloudSave.gd:61)
WARNING: CloudSave: upload failed — HTTP 422, result 0
     at: push_warning (core/variant/variant_utility.cpp:1034)
     GDScript backtrace (most recent call first):
         [0] _on_upload_completed (res://game/net/CloudSave.gd:61)
WARNING: CloudSave: upload failed — HTTP 422, result 0
     at: push_warning (core/variant/variant_utility.cpp:1034)
     GDScript backtrace (most recent call first):
         [0] _on_upload_completed (res://game/net/CloudSave.gd:61)
WARNING: CloudSave: upload failed — HTTP 422, result 0
     at: push_warning (core/variant/variant_utility.cpp:1034)
     GDScript backtrace (most recent call first):
         [0] _on_upload_completed (res://game/net/CloudSave.gd:61)
WARNING: CloudSave: upload failed — HTTP 422, result 0
     at: push_warning (core/variant/variant_utility.cpp:1034)
     GDScript backtrace (most recent call first):
         [0] _on_upload_completed (res://game/net/CloudSave.gd:61)
WARNING: CloudSave: upload failed — HTTP 422, result 0
     at: push_warning (core/variant/variant_utility.cpp:1034)
     GDScript backtrace (most recent call first):
         [0] _on_upload_completed (res://game/net/CloudSave.gd:61)
ERROR: HTTPRequest is processing a request. Wait for completion or cancel it before attempting a new one.
   at: request_raw (scene/main/http_request.cpp:120)
   GDScript backtrace (most recent call first):
       [0] upload_save (res://game/net/CloudSave.gd:52)
       [1] save_game (res://globalvar.gd:614)
       [2] increment_deaths (res://globalvar.gd:176)
       [3] death (res://game/rocket/rocket.gd:559)
       [4] _process (res://game/rocket/rocket.gd:458)
WARNING: CloudSave: upload request failed to start: 44
     at: push_warning (core/variant/variant_utility.cpp:1034)
     GDScript backtrace (most recent call first):
         [0] upload_save (res://game/net/CloudSave.gd:55)
         [1] save_game (res://globalvar.gd:614)
         [2] increment_deaths (res://globalvar.gd:176)
         [3] death (res://game/rocket/rocket.gd:559)
         [4] _process (res://game/rocket/rocket.gd:458)
WARNING: CloudSave: upload failed — HTTP 422, result 0
     at: push_warning (core/variant/variant_utility.cpp:1034)
     GDScript backtrace (most recent call first):
         [0] _on_upload_completed (res://game/net/CloudSave.gd:61)
ERROR: HTTPRequest is processing a request. Wait for completion or cancel it before attempting a new one.
   at: request_raw (scene/main/http_request.cpp:120)
   GDScript backtrace (most recent call first):
       [0] upload_save (res://game/net/CloudSave.gd:52)
       [1] save_game (res://globalvar.gd:614)
       [2] increment_deaths (res://globalvar.gd:176)
       [3] death (res://game/rocket/rocket.gd:559)
       [4] _process (res://game/rocket/rocket.gd:458)
WARNING: CloudSave: upload request failed to start: 44
     at: push_warning (core/variant/variant_utility.cpp:1034)
     GDScript backtrace (most recent call first):
         [0] upload_save (res://game/net/CloudSave.gd:55)
         [1] save_game (res://globalvar.gd:614)
         [2] increment_deaths (res://globalvar.gd:176)
         [3] death (res://game/rocket/rocket.gd:559)
         [4] _process (res://game/rocket/rocket.gd:458)
WARNING: CloudSave: upload failed — HTTP 422, result 0
     at: push_warning (core/variant/variant_utility.cpp:1034)
     GDScript backtrace (most recent call first):
         [0] _on_upload_completed (res://game/net/CloudSave.gd:61)
WARNING: CloudSave: upload failed — HTTP 422, result 0
     at: push_warning (core/variant/variant_utility.cpp:1034)
     GDScript backtrace (most recent call first):
         [0] _on_upload_completed (res://game/net/CloudSave.gd:61)
ERROR: HTTPRequest is processing a request. Wait for completion or cancel it before attempting a new one.
   at: request_raw (scene/main/http_request.cpp:120)
   GDScript backtrace (most recent call first):
       [0] upload_save (res://game/net/CloudSave.gd:52)
       [1] save_game (res://globalvar.gd:614)
       [2] increment_deaths (res://globalvar.gd:176)
       [3] death (res://game/rocket/rocket.gd:559)
       [4] _process (res://game/rocket/rocket.gd:458)
WARNING: CloudSave: upload request failed to start: 44
     at: push_warning (core/variant/variant_utility.cpp:1034)
     GDScript backtrace (most recent call first):
         [0] upload_save (res://game/net/CloudSave.gd:55)
         [1] save_game (res://globalvar.gd:614)
         [2] increment_deaths (res://globalvar.gd:176)
         [3] death (res://game/rocket/rocket.gd:559)
         [4] _process (res://game/rocket/rocket.gd:458)
WARNING: CloudSave: upload failed — HTTP 422, result 0
     at: push_warning (core/variant/variant_utility.cpp:1034)
     GDScript backtrace (most recent call first):
         [0] _on_upload_completed (res://game/net/CloudSave.gd:61)
ERROR: HTTPRequest is processing a request. Wait for completion or cancel it before attempting a new one.
   at: request_raw (scene/main/http_request.cpp:120)
   GDScript backtrace (most recent call first):
       [0] upload_save (res://game/net/CloudSave.gd:52)
       [1] save_game (res://globalvar.gd:614)
       [2] increment_deaths (res://globalvar.gd:176)
       [3] death (res://game/rocket/rocket.gd:559)
       [4] _process (res://game/rocket/rocket.gd:458)
WARNING: CloudSave: upload request failed to start: 44
     at: push_warning (core/variant/variant_utility.cpp:1034)
     GDScript backtrace (most recent call first):
         [0] upload_save (res://game/net/CloudSave.gd:55)
         [1] save_game (res://globalvar.gd:614)
         [2] increment_deaths (res://globalvar.gd:176)
         [3] death (res://game/rocket/rocket.gd:559)
         [4] _process (res://game/rocket/rocket.gd:458)
WARNING: CloudSave: upload failed — HTTP 422, result 0
     at: push_warning (core/variant/variant_utility.cpp:1034)
     GDScript backtrace (most recent call first):
         [0] _on_upload_completed (res://game/net/CloudSave.gd:61)
WARNING: CloudSave: upload failed — HTTP 422, result 0
     at: push_warning (core/variant/variant_utility.cpp:1034)
     GDScript backtrace (most recent call first):
         [0] _on_upload_completed (res://game/net/CloudSave.gd:61)
WARNING: CloudSave: upload failed — HTTP 422, result 0
     at: push_warning (core/variant/variant_utility.cpp:1034)
     GDScript backtrace (most recent call first):
         [0] _on_upload_completed (res://game/net/CloudSave.gd:61)
WARNING: CloudSave: upload failed — HTTP 422, result 0
     at: push_warning (core/variant/variant_utility.cpp:1034)
     GDScript backtrace (most recent call first):
         [0] _on_upload_completed (res://game/net/CloudSave.gd:61)
[RL] episodes=100 wins=0 win_rate=0.0%
WARNING: CloudSave: upload failed — HTTP 422, result 0
     at: push_warning (core/variant/variant_utility.cpp:1034)
     GDScript backtrace (most recent call first):
         [0] _on_upload_completed (res://game/net/CloudSave.gd:61)
WARNING: CloudSave: upload failed — HTTP 422, result 0
     at: push_warning (core/variant/variant_utility.cpp:1034)
     GDScript backtrace (most recent call first):
         [0] _on_upload_completed (res://game/net/CloudSave.gd:61)
WARNING: CloudSave: upload failed — HTTP 422, result 0
     at: push_warning (core/variant/variant_utility.cpp:1034)
     GDScript backtrace (most recent call first):
         [0] _on_upload_completed (res://game/net/CloudSave.gd:61)
WARNING: CloudSave: upload failed — HTTP 422, result 0
     at: push_warning (core/variant/variant_utility.cpp:1034)
     GDScript backtrace (most recent call first):
         [0] _on_upload_completed (res://game/net/CloudSave.gd:61)
WARNING: CloudSave: upload failed — HTTP 422, result 0
     at: push_warning (core/variant/variant_utility.cpp:1034)
     GDScript backtrace (most recent call first):
         [0] _on_upload_completed (res://game/net/CloudSave.gd:61)
WARNING: CloudSave: upload failed — HTTP 422, result 0
     at: push_warning (core/variant/variant_utility.cpp:1034)
     GDScript backtrace (most recent call first):
         [0] _on_upload_completed (res://game/net/CloudSave.gd:61)
WARNING: CloudSave: upload failed — HTTP 422, result 0
     at: push_warning (core/variant/variant_utility.cpp:1034)
     GDScript backtrace (most recent call first):
         [0] _on_upload_completed (res://game/net/CloudSave.gd:61)
WARNING: CloudSave: upload failed — HTTP 422, result 0
     at: push_warning (core/variant/variant_utility.cpp:1034)
     GDScript backtrace (most recent call first):
         [0] _on_upload_completed (res://game/net/CloudSave.gd:61)
WARNING: CloudSave: upload failed — HTTP 422, result 0
     at: push_warning (core/variant/variant_utility.cpp:1034)
     GDScript backtrace (most recent call first):
         [0] _on_upload_completed (res://game/net/CloudSave.gd:61)
WARNING: CloudSave: upload failed — HTTP 422, result 0
     at: push_warning (core/variant/variant_utility.cpp:1034)
     GDScript backtrace (most recent call first):
         [0] _on_upload_completed (res://game/net/CloudSave.gd:61)
WARNING: CloudSave: upload failed — HTTP 422, result 0
     at: push_warning (core/variant/variant_utility.cpp:1034)
     GDScript backtrace (most recent call first):
         [0] _on_upload_completed (res://game/net/CloudSave.gd:61)
WARNING: CloudSave: upload failed — HTTP 422, result 0
     at: push_warning (core/variant/variant_utility.cpp:1034)
     GDScript backtrace (most recent call first):
         [0] _on_upload_completed (res://game/net/CloudSave.gd:61)
WARNING: CloudSave: upload failed — HTTP 422, result 0
     at: push_warning (core/variant/variant_utility.cpp:1034)
     GDScript backtrace (most recent call first):
         [0] _on_upload_completed (res://game/net/CloudSave.gd:61)
WARNING: CloudSave: upload failed — HTTP 422, result 0
     at: push_warning (core/variant/variant_utility.cpp:1034)
     GDScript backtrace (most recent call first):
         [0] _on_upload_completed (res://game/net/CloudSave.gd:61)
WARNING: CloudSave: upload failed — HTTP 422, result 0
     at: push_warning (core/variant/variant_utility.cpp:1034)
     GDScript backtrace (most recent call first):
         [0] _on_upload_completed (res://game/net/CloudSave.gd:61)
WARNING: CloudSave: upload failed — HTTP 422, result 0
     at: push_warning (core/variant/variant_utility.cpp:1034)
     GDScript backtrace (most recent call first):
         [0] _on_upload_completed (res://game/net/CloudSave.gd:61)
WARNING: CloudSave: upload failed — HTTP 422, result 0
     at: push_warning (core/variant/variant_utility.cpp:1034)
     GDScript backtrace (most recent call first):
         [0] _on_upload_completed (res://game/net/CloudSave.gd:61)
WARNING: CloudSave: upload failed — HTTP 422, result 0
     at: push_warning (core/variant/variant_utility.cpp:1034)
     GDScript backtrace (most recent call first):
         [0] _on_upload_completed (res://game/net/CloudSave.gd:61)
WARNING: CloudSave: upload failed — HTTP 422, result 0
     at: push_warning (core/variant/variant_utility.cpp:1034)
     GDScript backtrace (most recent call first):
         [0] _on_upload_completed (res://game/net/CloudSave.gd:61)
WARNING: CloudSave: upload failed — HTTP 422, result 0
     at: push_warning (core/variant/variant_utility.cpp:1034)
     GDScript backtrace (most recent call first):
         [0] _on_upload_completed (res://game/net/CloudSave.gd:61)
WARNING: CloudSave: upload failed — HTTP 422, result 0
     at: push_warning (core/variant/variant_utility.cpp:1034)
     GDScript backtrace (most recent call first):
         [0] _on_upload_completed (res://game/net/CloudSave.gd:61)
WARNING: CloudSave: upload failed — HTTP 422, result 0
     at: push_warning (core/variant/variant_utility.cpp:1034)
     GDScript backtrace (most recent call first):
         [0] _on_upload_completed (res://game/net/CloudSave.gd:61)
WARNING: CloudSave: upload failed — HTTP 422, result 0
     at: push_warning (core/variant/variant_utility.cpp:1034)
     GDScript backtrace (most recent call first):
         [0] _on_upload_completed (res://game/net/CloudSave.gd:61)
WARNING: CloudSave: upload failed — HTTP 422, result 0
     at: push_warning (core/variant/variant_utility.cpp:1034)
     GDScript backtrace (most recent call first):
         [0] _on_upload_completed (res://game/net/CloudSave.gd:61)
WARNING: CloudSave: upload failed — HTTP 422, result 0
     at: push_warning (core/variant/variant_utility.cpp:1034)
     GDScript backtrace (most recent call first):
         [0] _on_upload_completed (res://game/net/CloudSave.gd:61)
[RL] episodes=125 wins=0 win_rate=0.0%
WARNING: CloudSave: upload failed — HTTP 422, result 0
     at: push_warning (core/variant/variant_utility.cpp:1034)
     GDScript backtrace (most recent call first):
         [0] _on_upload_completed (res://game/net/CloudSave.gd:61)
WARNING: CloudSave: upload failed — HTTP 422, result 0
     at: push_warning (core/variant/variant_utility.cpp:1034)
     GDScript backtrace (most recent call first):
         [0] _on_upload_completed (res://game/net/CloudSave.gd:61)
WARNING: CloudSave: upload failed — HTTP 422, result 0
     at: push_warning (core/variant/variant_utility.cpp:1034)
     GDScript backtrace (most recent call first):
         [0] _on_upload_completed (res://game/net/CloudSave.gd:61)
WARNING: CloudSave: upload failed — HTTP 422, result 0
     at: push_warning (core/variant/variant_utility.cpp:1034)
     GDScript backtrace (most recent call first):
         [0] _on_upload_completed (res://game/net/CloudSave.gd:61)
WARNING: CloudSave: upload failed — HTTP 422, result 0
     at: push_warning (core/variant/variant_utility.cpp:1034)
     GDScript backtrace (most recent call first):
         [0] _on_upload_completed (res://game/net/CloudSave.gd:61)
WARNING: CloudSave: upload failed — HTTP 422, result 0
     at: push_warning (core/variant/variant_utility.cpp:1034)
     GDScript backtrace (most recent call first):
         [0] _on_upload_completed (res://game/net/CloudSave.gd:61)
WARNING: CloudSave: upload failed — HTTP 422, result 0
     at: push_warning (core/variant/variant_utility.cpp:1034)
     GDScript backtrace (most recent call first):
         [0] _on_upload_completed (res://game/net/CloudSave.gd:61)
WARNING: CloudSave: upload failed — HTTP 422, result 0
     at: push_warning (core/variant/variant_utility.cpp:1034)
     GDScript backtrace (most recent call first):
         [0] _on_upload_completed (res://game/net/CloudSave.gd:61)
WARNING: CloudSave: upload failed — HTTP 422, result 0
     at: push_warning (core/variant/variant_utility.cpp:1034)
     GDScript backtrace (most recent call first):
         [0] _on_upload_completed (res://game/net/CloudSave.gd:61)
WARNING: CloudSave: upload failed — HTTP 422, result 0
     at: push_warning (core/variant/variant_utility.cpp:1034)
     GDScript backtrace (most recent call first):
         [0] _on_upload_completed (res://game/net/CloudSave.gd:61)
WARNING: CloudSave: upload failed — HTTP 422, result 0
     at: push_warning (core/variant/variant_utility.cpp:1034)
     GDScript backtrace (most recent call first):
         [0] _on_upload_completed (res://game/net/CloudSave.gd:61)
WARNING: CloudSave: upload failed — HTTP 422, result 0
     at: push_warning (core/variant/variant_utility.cpp:1034)
     GDScript backtrace (most recent call first):
         [0] _on_upload_completed (res://game/net/CloudSave.gd:61)
WARNING: CloudSave: upload failed — HTTP 422, result 0
     at: push_warning (core/variant/variant_utility.cpp:1034)
     GDScript backtrace (most recent call first):
         [0] _on_upload_completed (res://game/net/CloudSave.gd:61)
WARNING: CloudSave: upload failed — HTTP 422, result 0
     at: push_warning (core/variant/variant_utility.cpp:1034)
     GDScript backtrace (most recent call first):
         [0] _on_upload_completed (res://game/net/CloudSave.gd:61)
WARNING: CloudSave: upload failed — HTTP 422, result 0
     at: push_warning (core/variant/variant_utility.cpp:1034)
     GDScript backtrace (most recent call first):
         [0] _on_upload_completed (res://game/net/CloudSave.gd:61)
WARNING: CloudSave: upload failed — HTTP 422, result 0
     at: push_warning (core/variant/variant_utility.cpp:1034)
     GDScript backtrace (most recent call first):
         [0] _on_upload_completed (res://game/net/CloudSave.gd:61)
WARNING: CloudSave: upload failed — HTTP 422, result 0
     at: push_warning (core/variant/variant_utility.cpp:1034)
     GDScript backtrace (most recent call first):
         [0] _on_upload_completed (res://game/net/CloudSave.gd:61)
WARNING: CloudSave: upload failed — HTTP 422, result 0
     at: push_warning (core/variant/variant_utility.cpp:1034)
     GDScript backtrace (most recent call first):
         [0] _on_upload_completed (res://game/net/CloudSave.gd:61)
WARNING: CloudSave: upload failed — HTTP 422, result 0
     at: push_warning (core/variant/variant_utility.cpp:1034)
     GDScript backtrace (most recent call first):
         [0] _on_upload_completed (res://game/net/CloudSave.gd:61)
WARNING: CloudSave: upload failed — HTTP 422, result 0
     at: push_warning (core/variant/variant_utility.cpp:1034)
     GDScript backtrace (most recent call first):
         [0] _on_upload_completed (res://game/net/CloudSave.gd:61)
WARNING: CloudSave: upload failed — HTTP 422, result 0
     at: push_warning (core/variant/variant_utility.cpp:1034)
     GDScript backtrace (most recent call first):
         [0] _on_upload_completed (res://game/net/CloudSave.gd:61)
ERROR: HTTPRequest is processing a request. Wait for completion or cancel it before attempting a new one.
   at: request_raw (scene/main/http_request.cpp:120)
   GDScript backtrace (most recent call first):
       [0] upload_save (res://game/net/CloudSave.gd:52)
       [1] save_game (res://globalvar.gd:614)
       [2] increment_deaths (res://globalvar.gd:176)
       [3] death (res://game/rocket/rocket.gd:559)
       [4] _process (res://game/rocket/rocket.gd:458)
WARNING: CloudSave: upload request failed to start: 44
     at: push_warning (core/variant/variant_utility.cpp:1034)
     GDScript backtrace (most recent call first):
         [0] upload_save (res://game/net/CloudSave.gd:55)
         [1] save_game (res://globalvar.gd:614)
         [2] increment_deaths (res://globalvar.gd:176)
         [3] death (res://game/rocket/rocket.gd:559)
         [4] _process (res://game/rocket/rocket.gd:458)
WARNING: CloudSave: upload failed — HTTP 422, result 0
     at: push_warning (core/variant/variant_utility.cpp:1034)
     GDScript backtrace (most recent call first):
         [0] _on_upload_completed (res://game/net/CloudSave.gd:61)
WARNING: CloudSave: upload failed — HTTP 422, result 0
     at: push_warning (core/variant/variant_utility.cpp:1034)
     GDScript backtrace (most recent call first):
         [0] _on_upload_completed (res://game/net/CloudSave.gd:61)
WARNING: CloudSave: upload failed — HTTP 422, result 0
     at: push_warning (core/variant/variant_utility.cpp:1034)
     GDScript backtrace (most recent call first):
         [0] _on_upload_completed (res://game/net/CloudSave.gd:61)
[RL] episodes=150 wins=0 win_rate=0.0%
WARNING: CloudSave: upload failed — HTTP 422, result 0
     at: push_warning (core/variant/variant_utility.cpp:1034)
     GDScript backtrace (most recent call first):
         [0] _on_upload_completed (res://game/net/CloudSave.gd:61)
WARNING: CloudSave: upload failed — HTTP 422, result 0
     at: push_warning (core/variant/variant_utility.cpp:1034)
     GDScript backtrace (most recent call first):
         [0] _on_upload_completed (res://game/net/CloudSave.gd:61)
WARNING: CloudSave: upload failed — HTTP 422, result 0
     at: push_warning (core/variant/variant_utility.cpp:1034)
     GDScript backtrace (most recent call first):
         [0] _on_upload_completed (res://game/net/CloudSave.gd:61)
WARNING: CloudSave: upload failed — HTTP 422, result 0
     at: push_warning (core/variant/variant_utility.cpp:1034)
     GDScript backtrace (most recent call first):
         [0] _on_upload_completed (res://game/net/CloudSave.gd:61)
WARNING: CloudSave: upload failed — HTTP 422, result 0
     at: push_warning (core/variant/variant_utility.cpp:1034)
     GDScript backtrace (most recent call first):
         [0] _on_upload_completed (res://game/net/CloudSave.gd:61)
WARNING: CloudSave: upload failed — HTTP 422, result 0
     at: push_warning (core/variant/variant_utility.cpp:1034)
     GDScript backtrace (most recent call first):
         [0] _on_upload_completed (res://game/net/CloudSave.gd:61)
WARNING: CloudSave: upload failed — HTTP 422, result 0
     at: push_warning (core/variant/variant_utility.cpp:1034)
     GDScript backtrace (most recent call first):
         [0] _on_upload_completed (res://game/net/CloudSave.gd:61)
WARNING: CloudSave: upload failed — HTTP 422, result 0
     at: push_warning (core/variant/variant_utility.cpp:1034)
     GDScript backtrace (most recent call first):
         [0] _on_upload_completed (res://game/net/CloudSave.gd:61)
WARNING: CloudSave: upload failed — HTTP 429, result 0
     at: push_warning (core/variant/variant_utility.cpp:1034)
     GDScript backtrace (most recent call first):
         [0] _on_upload_completed (res://game/net/CloudSave.gd:61)
WARNING: CloudSave: upload failed — HTTP 422, result 0
     at: push_warning (core/variant/variant_utility.cpp:1034)
     GDScript backtrace (most recent call first):
         [0] _on_upload_completed (res://game/net/CloudSave.gd:61)
WARNING: CloudSave: upload failed — HTTP 429, result 0
     at: push_warning (core/variant/variant_utility.cpp:1034)
     GDScript backtrace (most recent call first):
         [0] _on_upload_completed (res://game/net/CloudSave.gd:61)
WARNING: CloudSave: upload failed — HTTP 422, result 0
     at: push_warning (core/variant/variant_utility.cpp:1034)
     GDScript backtrace (most recent call first):
         [0] _on_upload_completed (res://game/net/CloudSave.gd:61)
WARNING: CloudSave: upload failed — HTTP 429, result 0
     at: push_warning (core/variant/variant_utility.cpp:1034)
     GDScript backtrace (most recent call first):
         [0] _on_upload_completed (res://game/net/CloudSave.gd:61)
WARNING: CloudSave: upload failed — HTTP 422, result 0
     at: push_warning (core/variant/variant_utility.cpp:1034)
     GDScript backtrace (most recent call first):
         [0] _on_upload_completed (res://game/net/CloudSave.gd:61)
WARNING: CloudSave: upload failed — HTTP 429, result 0
     at: push_warning (core/variant/variant_utility.cpp:1034)
     GDScript backtrace (most recent call first):
         [0] _on_upload_completed (res://game/net/CloudSave.gd:61)
WARNING: CloudSave: upload failed — HTTP 422, result 0
     at: push_warning (core/variant/variant_utility.cpp:1034)
     GDScript backtrace (most recent call first):
         [0] _on_upload_completed (res://game/net/CloudSave.gd:61)
WARNING: CloudSave: upload failed — HTTP 429, result 0
     at: push_warning (core/variant/variant_utility.cpp:1034)
     GDScript backtrace (most recent call first):
         [0] _on_upload_completed (res://game/net/CloudSave.gd:61)
WARNING: CloudSave: upload failed — HTTP 429, result 0
     at: push_warning (core/variant/variant_utility.cpp:1034)
     GDScript backtrace (most recent call first):
         [0] _on_upload_completed (res://game/net/CloudSave.gd:61)
WARNING: CloudSave: upload failed — HTTP 429, result 0
     at: push_warning (core/variant/variant_utility.cpp:1034)
     GDScript backtrace (most recent call first):
         [0] _on_upload_completed (res://game/net/CloudSave.gd:61)
WARNING: CloudSave: upload failed — HTTP 429, result 0
     at: push_warning (core/variant/variant_utility.cpp:1034)
     GDScript backtrace (most recent call first):
         [0] _on_upload_completed (res://game/net/CloudSave.gd:61)
WARNING: CloudSave: upload failed — HTTP 429, result 0
     at: push_warning (core/variant/variant_utility.cpp:1034)
     GDScript backtrace (most recent call first):
         [0] _on_upload_completed (res://game/net/CloudSave.gd:61)
WARNING: CloudSave: upload failed — HTTP 429, result 0
     at: push_warning (core/variant/variant_utility.cpp:1034)
     GDScript backtrace (most recent call first):
         [0] _on_upload_completed (res://game/net/CloudSave.gd:61)
WARNING: CloudSave: upload failed — HTTP 429, result 0
     at: push_warning (core/variant/variant_utility.cpp:1034)
     GDScript backtrace (most recent call first):
         [0] _on_upload_completed (res://game/net/CloudSave.gd:61)
WARNING: CloudSave: upload failed — HTTP 429, result 0
     at: push_warning (core/variant/variant_utility.cpp:1034)
     GDScript backtrace (most recent call first):
         [0] _on_upload_completed (res://game/net/CloudSave.gd:61)
WARNING: CloudSave: upload failed — HTTP 429, result 0
     at: push_warning (core/variant/variant_utility.cpp:1034)
     GDScript backtrace (most recent call first):
         [0] _on_upload_completed (res://game/net/CloudSave.gd:61)
[RL] episodes=175 wins=0 win_rate=0.0%
WARNING: CloudSave: upload failed — HTTP 429, result 0
     at: push_warning (core/variant/variant_utility.cpp:1034)
     GDScript backtrace (most recent call first):
         [0] _on_upload_completed (res://game/net/CloudSave.gd:61)
WARNING: CloudSave: upload failed — HTTP 429, result 0
     at: push_warning (core/variant/variant_utility.cpp:1034)
     GDScript backtrace (most recent call first):
         [0] _on_upload_completed (res://game/net/CloudSave.gd:61)
WARNING: CloudSave: upload failed — HTTP 429, result 0
     at: push_warning (core/variant/variant_utility.cpp:1034)
     GDScript backtrace (most recent call first):
         [0] _on_upload_completed (res://game/net/CloudSave.gd:61)
WARNING: CloudSave: upload failed — HTTP 429, result 0
     at: push_warning (core/variant/variant_utility.cpp:1034)
     GDScript backtrace (most recent call first):
         [0] _on_upload_completed (res://game/net/CloudSave.gd:61)
WARNING: CloudSave: upload failed — HTTP 429, result 0
     at: push_warning (core/variant/variant_utility.cpp:1034)
     GDScript backtrace (most recent call first):
         [0] _on_upload_completed (res://game/net/CloudSave.gd:61)
WARNING: CloudSave: upload failed — HTTP 429, result 0
     at: push_warning (core/variant/variant_utility.cpp:1034)
     GDScript backtrace (most recent call first):
         [0] _on_upload_completed (res://game/net/CloudSave.gd:61)
WARNING: CloudSave: upload failed — HTTP 429, result 0
     at: push_warning (core/variant/variant_utility.cpp:1034)
     GDScript backtrace (most recent call first):
         [0] _on_upload_completed (res://game/net/CloudSave.gd:61)
WARNING: CloudSave: upload failed — HTTP 429, result 0
     at: push_warning (core/variant/variant_utility.cpp:1034)
     GDScript backtrace (most recent call first):
         [0] _on_upload_completed (res://game/net/CloudSave.gd:61)
WARNING: CloudSave: upload failed — HTTP 429, result 0
     at: push_warning (core/variant/variant_utility.cpp:1034)
     GDScript backtrace (most recent call first):
         [0] _on_upload_completed (res://game/net/CloudSave.gd:61)
WARNING: CloudSave: upload failed — HTTP 429, result 0
     at: push_warning (core/variant/variant_utility.cpp:1034)
     GDScript backtrace (most recent call first):
         [0] _on_upload_completed (res://game/net/CloudSave.gd:61)
WARNING: CloudSave: upload failed — HTTP 429, result 0
     at: push_warning (core/variant/variant_utility.cpp:1034)
     GDScript backtrace (most recent call first):
         [0] _on_upload_completed (res://game/net/CloudSave.gd:61)
WARNING: CloudSave: upload failed — HTTP 429, result 0
     at: push_warning (core/variant/variant_utility.cpp:1034)
     GDScript backtrace (most recent call first):
         [0] _on_upload_completed (res://game/net/CloudSave.gd:61)
WARNING: CloudSave: upload failed — HTTP 429, result 0
     at: push_warning (core/variant/variant_utility.cpp:1034)
     GDScript backtrace (most recent call first):
         [0] _on_upload_completed (res://game/net/CloudSave.gd:61)
WARNING: CloudSave: upload failed — HTTP 429, result 0
     at: push_warning (core/variant/variant_utility.cpp:1034)
     GDScript backtrace (most recent call first):
         [0] _on_upload_completed (res://game/net/CloudSave.gd:61)
WARNING: CloudSave: upload failed — HTTP 429, result 0
     at: push_warning (core/variant/variant_utility.cpp:1034)
     GDScript backtrace (most recent call first):
         [0] _on_upload_completed (res://game/net/CloudSave.gd:61)
WARNING: CloudSave: upload failed — HTTP 429, result 0
     at: push_warning (core/variant/variant_utility.cpp:1034)
     GDScript backtrace (most recent call first):
         [0] _on_upload_completed (res://game/net/CloudSave.gd:61)
WARNING: CloudSave: upload failed — HTTP 429, result 0
     at: push_warning (core/variant/variant_utility.cpp:1034)
     GDScript backtrace (most recent call first):
         [0] _on_upload_completed (res://game/net/CloudSave.gd:61)
WARNING: CloudSave: upload failed — HTTP 429, result 0
     at: push_warning (core/variant/variant_utility.cpp:1034)
     GDScript backtrace (most recent call first):
         [0] _on_upload_completed (res://game/net/CloudSave.gd:61)
WARNING: CloudSave: upload failed — HTTP 429, result 0
     at: push_warning (core/variant/variant_utility.cpp:1034)
     GDScript backtrace (most recent call first):
         [0] _on_upload_completed (res://game/net/CloudSave.gd:61)
WARNING: CloudSave: upload failed — HTTP 429, result 0
     at: push_warning (core/variant/variant_utility.cpp:1034)
     GDScript backtrace (most recent call first):
         [0] _on_upload_completed (res://game/net/CloudSave.gd:61)
WARNING: CloudSave: upload failed — HTTP 429, result 0
     at: push_warning (core/variant/variant_utility.cpp:1034)
     GDScript backtrace (most recent call first):
         [0] _on_upload_completed (res://game/net/CloudSave.gd:61)
WARNING: CloudSave: upload failed — HTTP 429, result 0
     at: push_warning (core/variant/variant_utility.cpp:1034)
     GDScript backtrace (most recent call first):
         [0] _on_upload_completed (res://game/net/CloudSave.gd:61)
WARNING: CloudSave: upload failed — HTTP 429, result 0
     at: push_warning (core/variant/variant_utility.cpp:1034)
     GDScript backtrace (most recent call first):
         [0] _on_upload_completed (res://game/net/CloudSave.gd:61)
WARNING: CloudSave: upload failed — HTTP 429, result 0
     at: push_warning (core/variant/variant_utility.cpp:1034)
     GDScript backtrace (most recent call first):
         [0] _on_upload_completed (res://game/net/CloudSave.gd:61)
WARNING: CloudSave: upload failed — HTTP 429, result 0
     at: push_warning (core/variant/variant_utility.cpp:1034)
     GDScript backtrace (most recent call first):
         [0] _on_upload_completed (res://game/net/CloudSave.gd:61)
[RL] episodes=200 wins=0 win_rate=0.0%
WARNING: CloudSave: upload failed — HTTP 429, result 0
     at: push_warning (core/variant/variant_utility.cpp:1034)
     GDScript backtrace (most recent call first):
         [0] _on_upload_completed (res://game/net/CloudSave.gd:61)
WARNING: CloudSave: upload failed — HTTP 429, result 0
     at: push_warning (core/variant/variant_utility.cpp:1034)
     GDScript backtrace (most recent call first):
         [0] _on_upload_completed (res://game/net/CloudSave.gd:61)
WARNING: CloudSave: upload failed — HTTP 429, result 0
     at: push_warning (core/variant/variant_utility.cpp:1034)
     GDScript backtrace (most recent call first):
         [0] _on_upload_completed (res://game/net/CloudSave.gd:61)
WARNING: CloudSave: upload failed — HTTP 429, result 0
     at: push_warning (core/variant/variant_utility.cpp:1034)
     GDScript backtrace (most recent call first):
         [0] _on_upload_completed (res://game/net/CloudSave.gd:61)
WARNING: CloudSave: upload failed — HTTP 429, result 0
     at: push_warning (core/variant/variant_utility.cpp:1034)
     GDScript backtrace (most recent call first):
         [0] _on_upload_completed (res://game/net/CloudSave.gd:61)
WARNING: CloudSave: upload failed — HTTP 429, result 0
     at: push_warning (core/variant/variant_utility.cpp:1034)
     GDScript backtrace (most recent call first):
         [0] _on_upload_completed (res://game/net/CloudSave.gd:61)
WARNING: CloudSave: upload failed — HTTP 429, result 0
     at: push_warning (core/variant/variant_utility.cpp:1034)
     GDScript backtrace (most recent call first):
         [0] _on_upload_completed (res://game/net/CloudSave.gd:61)
WARNING: CloudSave: upload failed — HTTP 429, result 0
     at: push_warning (core/variant/variant_utility.cpp:1034)
     GDScript backtrace (most recent call first):
         [0] _on_upload_completed (res://game/net/CloudSave.gd:61)
WARNING: CloudSave: upload failed — HTTP 429, result 0
     at: push_warning (core/variant/variant_utility.cpp:1034)
     GDScript backtrace (most recent call first):
         [0] _on_upload_completed (res://game/net/CloudSave.gd:61)
WARNING: CloudSave: upload failed — HTTP 429, result 0
     at: push_warning (core/variant/variant_utility.cpp:1034)
     GDScript backtrace (most recent call first):
         [0] _on_upload_completed (res://game/net/CloudSave.gd:61)
WARNING: CloudSave: upload failed — HTTP 429, result 0
     at: push_warning (core/variant/variant_utility.cpp:1034)
     GDScript backtrace (most recent call first):
         [0] _on_upload_completed (res://game/net/CloudSave.gd:61)
WARNING: CloudSave: upload failed — HTTP 429, result 0
     at: push_warning (core/variant/variant_utility.cpp:1034)
     GDScript backtrace (most recent call first):
         [0] _on_upload_completed (res://game/net/CloudSave.gd:61)
WARNING: CloudSave: upload failed — HTTP 429, result 0
     at: push_warning (core/variant/variant_utility.cpp:1034)
     GDScript backtrace (most recent call first):
         [0] _on_upload_completed (res://game/net/CloudSave.gd:61)
WARNING: CloudSave: upload failed — HTTP 429, result 0
     at: push_warning (core/variant/variant_utility.cpp:1034)
     GDScript backtrace (most recent call first):
         [0] _on_upload_completed (res://game/net/CloudSave.gd:61)
WARNING: CloudSave: upload failed — HTTP 429, result 0
     at: push_warning (core/variant/variant_utility.cpp:1034)
     GDScript backtrace (most recent call first):
         [0] _on_upload_completed (res://game/net/CloudSave.gd:61)
WARNING: CloudSave: upload failed — HTTP 429, result 0
     at: push_warning (core/variant/variant_utility.cpp:1034)
     GDScript backtrace (most recent call first):
         [0] _on_upload_completed (res://game/net/CloudSave.gd:61)
WARNING: CloudSave: upload failed — HTTP 429, result 0
     at: push_warning (core/variant/variant_utility.cpp:1034)
     GDScript backtrace (most recent call first):
         [0] _on_upload_completed (res://game/net/CloudSave.gd:61)
WARNING: CloudSave: upload failed — HTTP 429, result 0
     at: push_warning (core/variant/variant_utility.cpp:1034)
     GDScript backtrace (most recent call first):
         [0] _on_upload_completed (res://game/net/CloudSave.gd:61)
WARNING: CloudSave: upload failed — HTTP 429, result 0
     at: push_warning (core/variant/variant_utility.cpp:1034)
     GDScript backtrace (most recent call first):
         [0] _on_upload_completed (res://game/net/CloudSave.gd:61)
WARNING: CloudSave: upload failed — HTTP 429, result 0
     at: push_warning (core/variant/variant_utility.cpp:1034)
     GDScript backtrace (most recent call first):
         [0] _on_upload_completed (res://game/net/CloudSave.gd:61)
WARNING: CloudSave: upload failed — HTTP 429, result 0
     at: push_warning (core/variant/variant_utility.cpp:1034)
     GDScript backtrace (most recent call first):
         [0] _on_upload_completed (res://game/net/CloudSave.gd:61)
WARNING: CloudSave: upload failed — HTTP 429, result 0
     at: push_warning (core/variant/variant_utility.cpp:1034)
     GDScript backtrace (most recent call first):
         [0] _on_upload_completed (res://game/net/CloudSave.gd:61)
WARNING: CloudSave: upload failed — HTTP 429, result 0
     at: push_warning (core/variant/variant_utility.cpp:1034)
     GDScript backtrace (most recent call first):
         [0] _on_upload_completed (res://game/net/CloudSave.gd:61)
WARNING: CloudSave: upload failed — HTTP 429, result 0
     at: push_warning (core/variant/variant_utility.cpp:1034)
     GDScript backtrace (most recent call first):
         [0] _on_upload_completed (res://game/net/CloudSave.gd:61)
WARNING: CloudSave: upload failed — HTTP 429, result 0
     at: push_warning (core/variant/variant_utility.cpp:1034)
     GDScript backtrace (most recent call first):
         [0] _on_upload_completed (res://game/net/CloudSave.gd:61)
[RL] episodes=225 wins=0 win_rate=0.0%
WARNING: CloudSave: upload failed — HTTP 429, result 0
     at: push_warning (core/variant/variant_utility.cpp:1034)
     GDScript backtrace (most recent call first):
         [0] _on_upload_completed (res://game/net/CloudSave.gd:61)
WARNING: CloudSave: upload failed — HTTP 429, result 0
     at: push_warning (core/variant/variant_utility.cpp:1034)
     GDScript backtrace (most recent call first):
         [0] _on_upload_completed (res://game/net/CloudSave.gd:61)
WARNING: CloudSave: upload failed — HTTP 429, result 0
     at: push_warning (core/variant/variant_utility.cpp:1034)
     GDScript backtrace (most recent call first):
         [0] _on_upload_completed (res://game/net/CloudSave.gd:61)
WARNING: CloudSave: upload failed — HTTP 429, result 0
     at: push_warning (core/variant/variant_utility.cpp:1034)
     GDScript backtrace (most recent call first):
         [0] _on_upload_completed (res://game/net/CloudSave.gd:61)
WARNING: CloudSave: upload failed — HTTP 429, result 0
     at: push_warning (core/variant/variant_utility.cpp:1034)
     GDScript backtrace (most recent call first):
         [0] _on_upload_completed (res://game/net/CloudSave.gd:61)
WARNING: CloudSave: upload failed — HTTP 429, result 0
     at: push_warning (core/variant/variant_utility.cpp:1034)
     GDScript backtrace (most recent call first):
         [0] _on_upload_completed (res://game/net/CloudSave.gd:61)
WARNING: CloudSave: upload failed — HTTP 429, result 0
     at: push_warning (core/variant/variant_utility.cpp:1034)
     GDScript backtrace (most recent call first):
         [0] _on_upload_completed (res://game/net/CloudSave.gd:61)
WARNING: CloudSave: upload failed — HTTP 429, result 0
     at: push_warning (core/variant/variant_utility.cpp:1034)
     GDScript backtrace (most recent call first):
         [0] _on_upload_completed (res://game/net/CloudSave.gd:61)
server disconnected status, closing
SCRIPT ERROR: Invalid access to property or key 'type' on a base object of type 'Nil'.
          at: Sync.handle_message (res://addons/godot_rl_agents/sync.gd:501)
          GDScript backtrace (most recent call first):
              [0] handle_message (res://addons/godot_rl_agents/sync.gd:501)
              [1] _training_process (res://addons/godot_rl_agents/sync.gd:225)
              [2] _physics_process (res://addons/godot_rl_agents/sync.gd:195)
