[train] opening RL server (env_path=None); waiting for Godot to connect...
No game binary has been provided, please press PLAY in the Godot editor
waiting for remote GODOT connection on port 11008
connection established
action space [{'thrust': {'size': 2, 'action_type': 'discrete'}, 'rotate': {'size': 3, 'action_type': 'discrete'}}]
observation space [{'obs': {'size': [9], 'space': 'box'}}]
[train] CONNECTED. obs: Dict('obs': Box(-1.0, 1.0, (9,), float32)) | act: MultiDiscrete([3 2])
Using cpu device
Logging to rl/logs/PPO_5
----------------------------
| time/              |     |
|    fps             | 57  |
|    iterations      | 1   |
|    time_elapsed    | 2   |
|    total_timesteps | 128 |
----------------------------
------------------------------------------
| time/                   |              |
|    fps                  | 58           |
|    iterations           | 2            |
|    time_elapsed         | 4            |
|    total_timesteps      | 256          |
| train/                  |              |
|    approx_kl            | 0.0010326877 |
|    clip_fraction        | 0            |
|    clip_range           | 0.2          |
|    entropy_loss         | -1.79        |
|    explained_variance   | -0.0189      |
|    learning_rate        | 0.0003       |
|    loss                 | 40.1         |
|    n_updates            | 10           |
|    policy_gradient_loss | -0.00608     |
|    value_loss           | 94.7         |
------------------------------------------
------------------------------------------
| time/                   |              |
|    fps                  | 58           |
|    iterations           | 3            |
|    time_elapsed         | 6            |
|    total_timesteps      | 384          |
| train/                  |              |
|    approx_kl            | 0.0013937564 |
|    clip_fraction        | 0            |
|    clip_range           | 0.2          |
|    entropy_loss         | -1.79        |
|    explained_variance   | -0.0267      |
|    learning_rate        | 0.0003       |
|    loss                 | 36.1         |
|    n_updates            | 20           |
|    policy_gradient_loss | -0.0037      |
|    value_loss           | 93.6         |
------------------------------------------
------------------------------------------
| time/                   |              |
|    fps                  | 58           |
|    iterations           | 4            |
|    time_elapsed         | 8            |
|    total_timesteps      | 512          |
| train/                  |              |
|    approx_kl            | 0.0015315353 |
|    clip_fraction        | 0            |
|    clip_range           | 0.2          |
|    entropy_loss         | -1.79        |
|    explained_variance   | -0.033       |
|    learning_rate        | 0.0003       |
|    loss                 | 41           |
|    n_updates            | 30           |
|    policy_gradient_loss | -0.00298     |
|    value_loss           | 94.4         |
------------------------------------------
------------------------------------------
| time/                   |              |
|    fps                  | 58           |
|    iterations           | 5            |
|    time_elapsed         | 10           |
|    total_timesteps      | 640          |
| train/                  |              |
|    approx_kl            | 0.0016412772 |
|    clip_fraction        | 0            |
|    clip_range           | 0.2          |
|    entropy_loss         | -1.79        |
|    explained_variance   | -0.148       |
|    learning_rate        | 0.0003       |
|    loss                 | 26.5         |
|    n_updates            | 40           |
|    policy_gradient_loss | -0.00443     |
|    value_loss           | 45.8         |
------------------------------------------
------------------------------------------
| time/                   |              |
|    fps                  | 58           |
|    iterations           | 6            |
|    time_elapsed         | 13           |
|    total_timesteps      | 768          |
| train/                  |              |
|    approx_kl            | 0.0012587919 |
|    clip_fraction        | 0            |
|    clip_range           | 0.2          |
|    entropy_loss         | -1.78        |
|    explained_variance   | -0.157       |
|    learning_rate        | 0.0003       |
|    loss                 | 38.3         |
|    n_updates            | 50           |
|    policy_gradient_loss | -0.00217     |
|    value_loss           | 83.4         |
------------------------------------------
------------------------------------------
| time/                   |              |
|    fps                  | 59           |
|    iterations           | 7            |
|    time_elapsed         | 15           |
|    total_timesteps      | 896          |
| train/                  |              |
|    approx_kl            | 0.0015949346 |
|    clip_fraction        | 0            |
|    clip_range           | 0.2          |
|    entropy_loss         | -1.77        |
|    explained_variance   | -0.229       |
|    learning_rate        | 0.0003       |
|    loss                 | 41.1         |
|    n_updates            | 60           |
|    policy_gradient_loss | -0.00409     |
|    value_loss           | 77.8         |
------------------------------------------
-------------------------------------------
| time/                   |               |
|    fps                  | 59            |
|    iterations           | 8             |
|    time_elapsed         | 17            |
|    total_timesteps      | 1024          |
| train/                  |               |
|    approx_kl            | 0.00057632616 |
|    clip_fraction        | 0             |
|    clip_range           | 0.2           |
|    entropy_loss         | -1.77         |
|    explained_variance   | -0.244        |
|    learning_rate        | 0.0003        |
|    loss                 | 15.6          |
|    n_updates            | 70            |
|    policy_gradient_loss | -0.00123      |
|    value_loss           | 45.5          |
-------------------------------------------
-------------------------------------------
| time/                   |               |
|    fps                  | 59            |
|    iterations           | 9             |
|    time_elapsed         | 19            |
|    total_timesteps      | 1152          |
| train/                  |               |
|    approx_kl            | 0.00018398464 |
|    clip_fraction        | 0             |
|    clip_range           | 0.2           |
|    entropy_loss         | -1.77         |
|    explained_variance   | -0.149        |
|    learning_rate        | 0.0003        |
|    loss                 | 29.1          |
|    n_updates            | 80            |
|    policy_gradient_loss | -0.00158      |
|    value_loss           | 59.1          |
-------------------------------------------
-------------------------------------------
| time/                   |               |
|    fps                  | 59            |
|    iterations           | 10            |
|    time_elapsed         | 21            |
|    total_timesteps      | 1280          |
| train/                  |               |
|    approx_kl            | 0.00056985905 |
|    clip_fraction        | 0             |
|    clip_range           | 0.2           |
|    entropy_loss         | -1.77         |
|    explained_variance   | -0.134        |
|    learning_rate        | 0.0003        |
|    loss                 | 48.9          |
|    n_updates            | 90            |
|    policy_gradient_loss | -0.00241      |
|    value_loss           | 97.5          |
-------------------------------------------
-------------------------------------------
| time/                   |               |
|    fps                  | 59            |
|    iterations           | 11            |
|    time_elapsed         | 23            |
|    total_timesteps      | 1408          |
| train/                  |               |
|    approx_kl            | 0.00037145056 |
|    clip_fraction        | 0             |
|    clip_range           | 0.2           |
|    entropy_loss         | -1.77         |
|    explained_variance   | -0.308        |
|    learning_rate        | 0.0003        |
|    loss                 | 38.9          |
|    n_updates            | 100           |
|    policy_gradient_loss | -0.00496      |
|    value_loss           | 100           |
-------------------------------------------
------------------------------------------
| time/                   |              |
|    fps                  | 59           |
|    iterations           | 12           |
|    time_elapsed         | 25           |
|    total_timesteps      | 1536         |
| train/                  |              |
|    approx_kl            | 0.0013435045 |
|    clip_fraction        | 0            |
|    clip_range           | 0.2          |
|    entropy_loss         | -1.77        |
|    explained_variance   | -0.211       |
|    learning_rate        | 0.0003       |
|    loss                 | 26.1         |
|    n_updates            | 110          |
|    policy_gradient_loss | -0.00516     |
|    value_loss           | 54.9         |
------------------------------------------
------------------------------------------
| time/                   |              |
|    fps                  | 59           |
|    iterations           | 13           |
|    time_elapsed         | 28           |
|    total_timesteps      | 1664         |
| train/                  |              |
|    approx_kl            | 0.0014161039 |
|    clip_fraction        | 0            |
|    clip_range           | 0.2          |
|    entropy_loss         | -1.77        |
|    explained_variance   | -0.143       |
|    learning_rate        | 0.0003       |
|    loss                 | 27.2         |
|    n_updates            | 120          |
|    policy_gradient_loss | -0.00477     |
|    value_loss           | 61.5         |
------------------------------------------
------------------------------------------
| time/                   |              |
|    fps                  | 59           |
|    iterations           | 14           |
|    time_elapsed         | 30           |
|    total_timesteps      | 1792         |
| train/                  |              |
|    approx_kl            | 0.0024063373 |
|    clip_fraction        | 0            |
|    clip_range           | 0.2          |
|    entropy_loss         | -1.77        |
|    explained_variance   | -0.0803      |
|    learning_rate        | 0.0003       |
|    loss                 | 10.9         |
|    n_updates            | 130          |
|    policy_gradient_loss | -0.00259     |
|    value_loss           | 24.5         |
------------------------------------------
------------------------------------------
| time/                   |              |
|    fps                  | 59           |
|    iterations           | 15           |
|    time_elapsed         | 32           |
|    total_timesteps      | 1920         |
| train/                  |              |
|    approx_kl            | 0.0017002099 |
|    clip_fraction        | 0            |
|    clip_range           | 0.2          |
|    entropy_loss         | -1.76        |
|    explained_variance   | -0.178       |
|    learning_rate        | 0.0003       |
|    loss                 | 14.1         |
|    n_updates            | 140          |
|    policy_gradient_loss | -0.00454     |
|    value_loss           | 36.7         |
------------------------------------------
------------------------------------------
| time/                   |              |
|    fps                  | 59           |
|    iterations           | 16           |
|    time_elapsed         | 34           |
|    total_timesteps      | 2048         |
| train/                  |              |
|    approx_kl            | 0.0024652197 |
|    clip_fraction        | 0            |
|    clip_range           | 0.2          |
|    entropy_loss         | -1.77        |
|    explained_variance   | -0.119       |
|    learning_rate        | 0.0003       |
|    loss                 | 15.7         |
|    n_updates            | 150          |
|    policy_gradient_loss | -0.00554     |
|    value_loss           | 35.5         |
------------------------------------------
------------------------------------------
| time/                   |              |
|    fps                  | 59           |
|    iterations           | 17           |
|    time_elapsed         | 36           |
|    total_timesteps      | 2176         |
| train/                  |              |
|    approx_kl            | 0.0013145003 |
|    clip_fraction        | 0            |
|    clip_range           | 0.2          |
|    entropy_loss         | -1.76        |
|    explained_variance   | -0.126       |
|    learning_rate        | 0.0003       |
|    loss                 | 37.7         |
|    n_updates            | 160          |
|    policy_gradient_loss | -0.00333     |
|    value_loss           | 78.8         |
------------------------------------------
------------------------------------------
| time/                   |              |
|    fps                  | 59           |
|    iterations           | 18           |
|    time_elapsed         | 38           |
|    total_timesteps      | 2304         |
| train/                  |              |
|    approx_kl            | 0.0027669417 |
|    clip_fraction        | 0            |
|    clip_range           | 0.2          |
|    entropy_loss         | -1.77        |
|    explained_variance   | -0.251       |
|    learning_rate        | 0.0003       |
|    loss                 | 26.1         |
|    n_updates            | 170          |
|    policy_gradient_loss | -0.00608     |
|    value_loss           | 63.6         |
------------------------------------------
-------------------------------------------
| time/                   |               |
|    fps                  | 59            |
|    iterations           | 19            |
|    time_elapsed         | 41            |
|    total_timesteps      | 2432          |
| train/                  |               |
|    approx_kl            | 0.00058353227 |
|    clip_fraction        | 0             |
|    clip_range           | 0.2           |
|    entropy_loss         | -1.76         |
|    explained_variance   | -0.0217       |
|    learning_rate        | 0.0003        |
|    loss                 | 28.1          |
|    n_updates            | 180           |
|    policy_gradient_loss | -0.00111      |
|    value_loss           | 75.1          |
-------------------------------------------
------------------------------------------
| time/                   |              |
|    fps                  | 59           |
|    iterations           | 20           |
|    time_elapsed         | 43           |
|    total_timesteps      | 2560         |
| train/                  |              |
|    approx_kl            | 0.0035218815 |
|    clip_fraction        | 0            |
|    clip_range           | 0.2          |
|    entropy_loss         | -1.76        |
|    explained_variance   | -0.0712      |
|    learning_rate        | 0.0003       |
|    loss                 | 21           |
|    n_updates            | 190          |
|    policy_gradient_loss | -0.00776     |
|    value_loss           | 36.9         |
------------------------------------------
------------------------------------------
| time/                   |              |
|    fps                  | 59           |
|    iterations           | 21           |
|    time_elapsed         | 45           |
|    total_timesteps      | 2688         |
| train/                  |              |
|    approx_kl            | 0.0034412858 |
|    clip_fraction        | 0.00234      |
|    clip_range           | 0.2          |
|    entropy_loss         | -1.76        |
|    explained_variance   | -0.0585      |
|    learning_rate        | 0.0003       |
|    loss                 | 10.2         |
|    n_updates            | 200          |
|    policy_gradient_loss | -0.00565     |
|    value_loss           | 23.2         |
------------------------------------------
------------------------------------------
| time/                   |              |
|    fps                  | 59           |
|    iterations           | 22           |
|    time_elapsed         | 47           |
|    total_timesteps      | 2816         |
| train/                  |              |
|    approx_kl            | 0.0012469762 |
|    clip_fraction        | 0            |
|    clip_range           | 0.2          |
|    entropy_loss         | -1.77        |
|    explained_variance   | -0.0937      |
|    learning_rate        | 0.0003       |
|    loss                 | 27           |
|    n_updates            | 210          |
|    policy_gradient_loss | -0.0017      |
|    value_loss           | 62.1         |
------------------------------------------
-----------------------------------------
| time/                   |             |
|    fps                  | 59          |
|    iterations           | 23          |
|    time_elapsed         | 49          |
|    total_timesteps      | 2944        |
| train/                  |             |
|    approx_kl            | 0.001027789 |
|    clip_fraction        | 0           |
|    clip_range           | 0.2         |
|    entropy_loss         | -1.77       |
|    explained_variance   | -0.0712     |
|    learning_rate        | 0.0003      |
|    loss                 | 22.3        |
|    n_updates            | 220         |
|    policy_gradient_loss | -0.00263    |
|    value_loss           | 47.5        |
-----------------------------------------
-----------------------------------------
| time/                   |             |
|    fps                  | 59          |
|    iterations           | 24          |
|    time_elapsed         | 51          |
|    total_timesteps      | 3072        |
| train/                  |             |
|    approx_kl            | 0.003630008 |
|    clip_fraction        | 0           |
|    clip_range           | 0.2         |
|    entropy_loss         | -1.76       |
|    explained_variance   | -0.0725     |
|    learning_rate        | 0.0003      |
|    loss                 | 17.7        |
|    n_updates            | 230         |
|    policy_gradient_loss | -0.00726    |
|    value_loss           | 38.8        |
-----------------------------------------
------------------------------------------
| time/                   |              |
|    fps                  | 59           |
|    iterations           | 25           |
|    time_elapsed         | 53           |
|    total_timesteps      | 3200         |
| train/                  |              |
|    approx_kl            | 0.0008980725 |
|    clip_fraction        | 0            |
|    clip_range           | 0.2          |
|    entropy_loss         | -1.76        |
|    explained_variance   | -0.0948      |
|    learning_rate        | 0.0003       |
|    loss                 | 35.2         |
|    n_updates            | 240          |
|    policy_gradient_loss | -0.00388     |
|    value_loss           | 73.1         |
------------------------------------------
------------------------------------------
| time/                   |              |
|    fps                  | 59           |
|    iterations           | 26           |
|    time_elapsed         | 56           |
|    total_timesteps      | 3328         |
| train/                  |              |
|    approx_kl            | 0.0075079207 |
|    clip_fraction        | 0.0117       |
|    clip_range           | 0.2          |
|    entropy_loss         | -1.76        |
|    explained_variance   | -0.0408      |
|    learning_rate        | 0.0003       |
|    loss                 | 13.5         |
|    n_updates            | 250          |
|    policy_gradient_loss | -0.0181      |
|    value_loss           | 26.1         |
------------------------------------------
------------------------------------------
| time/                   |              |
|    fps                  | 59           |
|    iterations           | 27           |
|    time_elapsed         | 58           |
|    total_timesteps      | 3456         |
| train/                  |              |
|    approx_kl            | 0.0042867465 |
|    clip_fraction        | 0.00313      |
|    clip_range           | 0.2          |
|    entropy_loss         | -1.74        |
|    explained_variance   | -0.0717      |
|    learning_rate        | 0.0003       |
|    loss                 | 51.9         |
|    n_updates            | 260          |
|    policy_gradient_loss | -0.0125      |
|    value_loss           | 108          |
------------------------------------------
-----------------------------------------
| time/                   |             |
|    fps                  | 59          |
|    iterations           | 28          |
|    time_elapsed         | 60          |
|    total_timesteps      | 3584        |
| train/                  |             |
|    approx_kl            | 0.009405108 |
|    clip_fraction        | 0.0141      |
|    clip_range           | 0.2         |
|    entropy_loss         | -1.72       |
|    explained_variance   | -0.0743     |
|    learning_rate        | 0.0003      |
|    loss                 | 14          |
|    n_updates            | 270         |
|    policy_gradient_loss | -0.0105     |
|    value_loss           | 32.1        |
-----------------------------------------
------------------------------------------
| time/                   |              |
|    fps                  | 59           |
|    iterations           | 29           |
|    time_elapsed         | 62           |
|    total_timesteps      | 3712         |
| train/                  |              |
|    approx_kl            | 0.0044346177 |
|    clip_fraction        | 0            |
|    clip_range           | 0.2          |
|    entropy_loss         | -1.74        |
|    explained_variance   | -0.0342      |
|    learning_rate        | 0.0003       |
|    loss                 | 26.6         |
|    n_updates            | 280          |
|    policy_gradient_loss | -0.00532     |
|    value_loss           | 57.4         |
------------------------------------------
-----------------------------------------
| time/                   |             |
|    fps                  | 59          |
|    iterations           | 30          |
|    time_elapsed         | 64          |
|    total_timesteps      | 3840        |
| train/                  |             |
|    approx_kl            | 0.004484906 |
|    clip_fraction        | 0           |
|    clip_range           | 0.2         |
|    entropy_loss         | -1.71       |
|    explained_variance   | -0.0212     |
|    learning_rate        | 0.0003      |
|    loss                 | 16.9        |
|    n_updates            | 290         |
|    policy_gradient_loss | -0.00526    |
|    value_loss           | 32.9        |
-----------------------------------------
------------------------------------------
| time/                   |              |
|    fps                  | 59           |
|    iterations           | 31           |
|    time_elapsed         | 66           |
|    total_timesteps      | 3968         |
| train/                  |              |
|    approx_kl            | 0.0007537585 |
|    clip_fraction        | 0            |
|    clip_range           | 0.2          |
|    entropy_loss         | -1.7         |
|    explained_variance   | -0.0353      |
|    learning_rate        | 0.0003       |
|    loss                 | 24.6         |
|    n_updates            | 300          |
|    policy_gradient_loss | -0.00232     |
|    value_loss           | 51.5         |
------------------------------------------
-----------------------------------------
| time/                   |             |
|    fps                  | 59          |
|    iterations           | 32          |
|    time_elapsed         | 68          |
|    total_timesteps      | 4096        |
| train/                  |             |
|    approx_kl            | 0.003527896 |
|    clip_fraction        | 0           |
|    clip_range           | 0.2         |
|    entropy_loss         | -1.73       |
|    explained_variance   | -0.0479     |
|    learning_rate        | 0.0003      |
|    loss                 | 20.7        |
|    n_updates            | 310         |
|    policy_gradient_loss | -0.00553    |
|    value_loss           | 44.8        |
-----------------------------------------
-----------------------------------------
| time/                   |             |
|    fps                  | 59          |
|    iterations           | 33          |
|    time_elapsed         | 71          |
|    total_timesteps      | 4224        |
| train/                  |             |
|    approx_kl            | 0.018004652 |
|    clip_fraction        | 0.254       |
|    clip_range           | 0.2         |
|    entropy_loss         | -1.72       |
|    explained_variance   | -0.0521     |
|    learning_rate        | 0.0003      |
|    loss                 | 11.6        |
|    n_updates            | 320         |
|    policy_gradient_loss | -0.0214     |
|    value_loss           | 26.9        |
-----------------------------------------
-----------------------------------------
| time/                   |             |
|    fps                  | 59          |
|    iterations           | 34          |
|    time_elapsed         | 73          |
|    total_timesteps      | 4352        |
| train/                  |             |
|    approx_kl            | 0.009837074 |
|    clip_fraction        | 0.0641      |
|    clip_range           | 0.2         |
|    entropy_loss         | -1.72       |
|    explained_variance   | -0.00402    |
|    learning_rate        | 0.0003      |
|    loss                 | 8.73        |
|    n_updates            | 330         |
|    policy_gradient_loss | -0.00409    |
|    value_loss           | 20.4        |
-----------------------------------------
-----------------------------------------
| time/                   |             |
|    fps                  | 59          |
|    iterations           | 35          |
|    time_elapsed         | 75          |
|    total_timesteps      | 4480        |
| train/                  |             |
|    approx_kl            | 0.002260956 |
|    clip_fraction        | 0           |
|    clip_range           | 0.2         |
|    entropy_loss         | -1.69       |
|    explained_variance   | -0.0355     |
|    learning_rate        | 0.0003      |
|    loss                 | 30          |
|    n_updates            | 340         |
|    policy_gradient_loss | -0.00092    |
|    value_loss           | 52          |
-----------------------------------------
------------------------------------------
| time/                   |              |
|    fps                  | 59           |
|    iterations           | 36           |
|    time_elapsed         | 77           |
|    total_timesteps      | 4608         |
| train/                  |              |
|    approx_kl            | 0.0008395966 |
|    clip_fraction        | 0            |
|    clip_range           | 0.2          |
|    entropy_loss         | -1.64        |
|    explained_variance   | -0.0642      |
|    learning_rate        | 0.0003       |
|    loss                 | 35.6         |
|    n_updates            | 350          |
|    policy_gradient_loss | -0.00381     |
|    value_loss           | 63.4         |
------------------------------------------
-------------------------------------------
| time/                   |               |
|    fps                  | 59            |
|    iterations           | 37            |
|    time_elapsed         | 79            |
|    total_timesteps      | 4736          |
| train/                  |               |
|    approx_kl            | 0.00023593102 |
|    clip_fraction        | 0             |
|    clip_range           | 0.2           |
|    entropy_loss         | -1.69         |
|    explained_variance   | -0.0184       |
|    learning_rate        | 0.0003        |
|    loss                 | 23.9          |
|    n_updates            | 360           |
|    policy_gradient_loss | -0.000411     |
|    value_loss           | 59.6          |
-------------------------------------------
-------------------------------------------
| time/                   |               |
|    fps                  | 59            |
|    iterations           | 38            |
|    time_elapsed         | 81            |
|    total_timesteps      | 4864          |
| train/                  |               |
|    approx_kl            | 0.00076033734 |
|    clip_fraction        | 0             |
|    clip_range           | 0.2           |
|    entropy_loss         | -1.73         |
|    explained_variance   | -0.0393       |
|    learning_rate        | 0.0003        |
|    loss                 | 9.26          |
|    n_updates            | 370           |
|    policy_gradient_loss | -0.00359      |
|    value_loss           | 17.6          |
-------------------------------------------
-----------------------------------------
| time/                   |             |
|    fps                  | 59          |
|    iterations           | 39          |
|    time_elapsed         | 84          |
|    total_timesteps      | 4992        |
| train/                  |             |
|    approx_kl            | 0.003997351 |
|    clip_fraction        | 0.00234     |
|    clip_range           | 0.2         |
|    entropy_loss         | -1.7        |
|    explained_variance   | -0.0018     |
|    learning_rate        | 0.0003      |
|    loss                 | 18.4        |
|    n_updates            | 380         |
|    policy_gradient_loss | -0.00485    |
|    value_loss           | 37.9        |
-----------------------------------------
------------------------------------------
| time/                   |              |
|    fps                  | 59           |
|    iterations           | 40           |
|    time_elapsed         | 86           |
|    total_timesteps      | 5120         |
| train/                  |              |
|    approx_kl            | 0.0076114866 |
|    clip_fraction        | 0.0273       |
|    clip_range           | 0.2          |
|    entropy_loss         | -1.7         |
|    explained_variance   | -0.0305      |
|    learning_rate        | 0.0003       |
|    loss                 | 11           |
|    n_updates            | 390          |
|    policy_gradient_loss | -0.0123      |
|    value_loss           | 22.9         |
------------------------------------------
------------------------------------------
| time/                   |              |
|    fps                  | 59           |
|    iterations           | 41           |
|    time_elapsed         | 88           |
|    total_timesteps      | 5248         |
| train/                  |              |
|    approx_kl            | 0.0029833834 |
|    clip_fraction        | 0.00156      |
|    clip_range           | 0.2          |
|    entropy_loss         | -1.65        |
|    explained_variance   | -0.0177      |
|    learning_rate        | 0.0003       |
|    loss                 | 9            |
|    n_updates            | 400          |
|    policy_gradient_loss | -0.00814     |
|    value_loss           | 18           |
------------------------------------------
-----------------------------------------
| time/                   |             |
|    fps                  | 59          |
|    iterations           | 42          |
|    time_elapsed         | 90          |
|    total_timesteps      | 5376        |
| train/                  |             |
|    approx_kl            | 0.015995754 |
|    clip_fraction        | 0.194       |
|    clip_range           | 0.2         |
|    entropy_loss         | -1.57       |
|    explained_variance   | -0.00192    |
|    learning_rate        | 0.0003      |
|    loss                 | 12.4        |
|    n_updates            | 410         |
|    policy_gradient_loss | -0.0205     |
|    value_loss           | 27.2        |
-----------------------------------------
-----------------------------------------
| time/                   |             |
|    fps                  | 59          |
|    iterations           | 43          |
|    time_elapsed         | 92          |
|    total_timesteps      | 5504        |
| train/                  |             |
|    approx_kl            | 0.014185142 |
|    clip_fraction        | 0.0594      |
|    clip_range           | 0.2         |
|    entropy_loss         | -1.56       |
|    explained_variance   | -0.00518    |
|    learning_rate        | 0.0003      |
|    loss                 | 15.1        |
|    n_updates            | 420         |
|    policy_gradient_loss | -0.0125     |
|    value_loss           | 32.3        |
-----------------------------------------
------------------------------------------
| time/                   |              |
|    fps                  | 59           |
|    iterations           | 44           |
|    time_elapsed         | 94           |
|    total_timesteps      | 5632         |
| train/                  |              |
|    approx_kl            | 0.0070772036 |
|    clip_fraction        | 0.018        |
|    clip_range           | 0.2          |
|    entropy_loss         | -1.62        |
|    explained_variance   | -0.000782    |
|    learning_rate        | 0.0003       |
|    loss                 | 17.3         |
|    n_updates            | 430          |
|    policy_gradient_loss | -0.0188      |
|    value_loss           | 40.2         |
------------------------------------------
-------------------------------------------
| time/                   |               |
|    fps                  | 59            |
|    iterations           | 45            |
|    time_elapsed         | 96            |
|    total_timesteps      | 5760          |
| train/                  |               |
|    approx_kl            | 0.00026497478 |
|    clip_fraction        | 0             |
|    clip_range           | 0.2           |
|    entropy_loss         | -1.62         |
|    explained_variance   | -0.0158       |
|    learning_rate        | 0.0003        |
|    loss                 | 20.4          |
|    n_updates            | 440           |
|    policy_gradient_loss | -0.000459     |
|    value_loss           | 44.5          |
-------------------------------------------
-----------------------------------------
| time/                   |             |
|    fps                  | 59          |
|    iterations           | 46          |
|    time_elapsed         | 99          |
|    total_timesteps      | 5888        |
| train/                  |             |
|    approx_kl            | 0.007232357 |
|    clip_fraction        | 0.0148      |
|    clip_range           | 0.2         |
|    entropy_loss         | -1.59       |
|    explained_variance   | -0.0063     |
|    learning_rate        | 0.0003      |
|    loss                 | 18.5        |
|    n_updates            | 450         |
|    policy_gradient_loss | -0.00946    |
|    value_loss           | 34.5        |
-----------------------------------------
------------------------------------------
| time/                   |              |
|    fps                  | 59           |
|    iterations           | 47           |
|    time_elapsed         | 101          |
|    total_timesteps      | 6016         |
| train/                  |              |
|    approx_kl            | 0.0029078363 |
|    clip_fraction        | 0.00625      |
|    clip_range           | 0.2          |
|    entropy_loss         | -1.54        |
|    explained_variance   | -0.00437     |
|    learning_rate        | 0.0003       |
|    loss                 | 15.7         |
|    n_updates            | 460          |
|    policy_gradient_loss | 0.00299      |
|    value_loss           | 29.3         |
------------------------------------------
-----------------------------------------
| time/                   |             |
|    fps                  | 59          |
|    iterations           | 48          |
|    time_elapsed         | 103         |
|    total_timesteps      | 6144        |
| train/                  |             |
|    approx_kl            | 0.005254061 |
|    clip_fraction        | 0.00313     |
|    clip_range           | 0.2         |
|    entropy_loss         | -1.59       |
|    explained_variance   | -0.0025     |
|    learning_rate        | 0.0003      |
|    loss                 | 12.7        |
|    n_updates            | 470         |
|    policy_gradient_loss | -0.00454    |
|    value_loss           | 26.5        |
-----------------------------------------
------------------------------------------
| time/                   |              |
|    fps                  | 59           |
|    iterations           | 49           |
|    time_elapsed         | 105          |
|    total_timesteps      | 6272         |
| train/                  |              |
|    approx_kl            | 0.0016015386 |
|    clip_fraction        | 0            |
|    clip_range           | 0.2          |
|    entropy_loss         | -1.51        |
|    explained_variance   | -0.00954     |
|    learning_rate        | 0.0003       |
|    loss                 | 27.7         |
|    n_updates            | 480          |
|    policy_gradient_loss | 0.00235      |
|    value_loss           | 51.7         |
------------------------------------------
-----------------------------------------
| time/                   |             |
|    fps                  | 59          |
|    iterations           | 50          |
|    time_elapsed         | 107         |
|    total_timesteps      | 6400        |
| train/                  |             |
|    approx_kl            | 0.005944648 |
|    clip_fraction        | 0.00859     |
|    clip_range           | 0.2         |
|    entropy_loss         | -1.59       |
|    explained_variance   | -0.00536    |
|    learning_rate        | 0.0003      |
|    loss                 | 6.74        |
|    n_updates            | 490         |
|    policy_gradient_loss | -0.00919    |
|    value_loss           | 14.8        |
-----------------------------------------
-----------------------------------------
| time/                   |             |
|    fps                  | 59          |
|    iterations           | 51          |
|    time_elapsed         | 109         |
|    total_timesteps      | 6528        |
| train/                  |             |
|    approx_kl            | 0.003333507 |
|    clip_fraction        | 0           |
|    clip_range           | 0.2         |
|    entropy_loss         | -1.48       |
|    explained_variance   | -0.00652    |
|    learning_rate        | 0.0003      |
|    loss                 | 15          |
|    n_updates            | 500         |
|    policy_gradient_loss | -0.00598    |
|    value_loss           | 32.3        |
-----------------------------------------
------------------------------------------
| time/                   |              |
|    fps                  | 59           |
|    iterations           | 52           |
|    time_elapsed         | 111          |
|    total_timesteps      | 6656         |
| train/                  |              |
|    approx_kl            | 0.0011279639 |
|    clip_fraction        | 0            |
|    clip_range           | 0.2          |
|    entropy_loss         | -1.48        |
|    explained_variance   | -0.00757     |
|    learning_rate        | 0.0003       |
|    loss                 | 15.9         |
|    n_updates            | 510          |
|    policy_gradient_loss | -0.00347     |
|    value_loss           | 32           |
------------------------------------------
------------------------------------------
| time/                   |              |
|    fps                  | 59           |
|    iterations           | 53           |
|    time_elapsed         | 114          |
|    total_timesteps      | 6784         |
| train/                  |              |
|    approx_kl            | 0.0032829382 |
|    clip_fraction        | 0.000781     |
|    clip_range           | 0.2          |
|    entropy_loss         | -1.45        |
|    explained_variance   | -0.0113      |
|    learning_rate        | 0.0003       |
|    loss                 | 8.19         |
|    n_updates            | 520          |
|    policy_gradient_loss | -0.00614     |
|    value_loss           | 18.2         |
------------------------------------------
-----------------------------------------
| time/                   |             |
|    fps                  | 59          |
|    iterations           | 54          |
|    time_elapsed         | 116         |
|    total_timesteps      | 6912        |
| train/                  |             |
|    approx_kl            | 0.009798547 |
|    clip_fraction        | 0.0437      |
|    clip_range           | 0.2         |
|    entropy_loss         | -1.47       |
|    explained_variance   | -0.0234     |
|    learning_rate        | 0.0003      |
|    loss                 | 3.81        |
|    n_updates            | 530         |
|    policy_gradient_loss | -0.0118     |
|    value_loss           | 8.83        |
-----------------------------------------
/opt/homebrew/Cellar/python@3.13/3.13.1/Frameworks/Python.framework/Versions/3.13/lib/python3.13/multiprocessing/resource_tracker.py:276: UserWarning: resource_tracker: There appear to be 1 leaked semaphore objects to clean up at shutdown: {'/mp-lgtw9irk'}
  warnings.warn(
